\BOOKMARK [1][-]{section*.1}{\376\377\000I\000n\000t\000r\000o\000d\000u\000c\000t\000i\000o\000n}{}% 1
\BOOKMARK [1][-]{section*.2}{\376\377\000H\000i\000g\000h\000\040\000P\000e\000r\000f\000o\000r\000m\000a\000n\000c\000e\000\040\000P\000a\000r\000a\000l\000l\000e\000l\000i\000s\000m}{}% 2
\BOOKMARK [2][-]{subsection*.3}{\376\377\000M\000e\000s\000s\000a\000g\000e\000\040\000P\000a\000s\000s\000i\000n\000g\000\040\000I\000n\000t\000e\000r\000f\000a\000c\000e\000\040\000\050\000M\000P\000I\000\051}{section*.2}% 3
\BOOKMARK [2][-]{subsection*.4}{\376\377\000T\000h\000e\000\040\000"\000M\000e\000m\000o\000r\000y\000\040\000W\000a\000l\000l\000"\000\040\000a\000n\000d\000\040\000C\000o\000p\000y\000\040\000O\000v\000e\000r\000h\000e\000a\000d}{section*.2}% 4
\BOOKMARK [2][-]{subsection*.5}{\376\377\000O\000p\000e\000n\000\040\000M\000u\000l\000t\000i\000-\000P\000r\000o\000c\000e\000s\000s\000i\000n\000g\000\040\000\050\000O\000p\000e\000n\000M\000P\000\051}{section*.2}% 5
\BOOKMARK [2][-]{subsection*.6}{\376\377\000S\000h\000a\000r\000e\000d\000\040\000M\000e\000m\000o\000r\000y\000\040\000v\000s\000.\000\040\000D\000i\000s\000t\000r\000i\000b\000u\000t\000e\000d\000\040\000M\000e\000m\000o\000r\000y}{section*.2}% 6
\BOOKMARK [2][-]{subsection*.8}{\376\377\000T\000a\000s\000k\000\040\000/\000\040\000C\000h\000a\000n\000n\000e\000l\000\040\000M\000o\000d\000e\000l\000s\000\040\000i\000n\000\040\000S\000t\000a\000g\000e\0002}{section*.2}% 7
\BOOKMARK [1][-]{section*.9}{\376\377\000N\000e\000t\000w\000o\000r\000k\000i\000n\000g\000\040\000F\000o\000u\000n\000d\000a\000t\000i\000o\000n\000s}{}% 8
\BOOKMARK [2][-]{subsection*.10}{\376\377\000R\000e\000s\000u\000m\000a\000b\000l\000e\000\040\000/\000\040\000P\000a\000r\000t\000i\000a\000l\000\040\000D\000o\000w\000n\000l\000o\000a\000d\000s}{section*.9}% 9
\BOOKMARK [2][-]{subsection*.11}{\376\377\000R\000e\000s\000u\000m\000a\000b\000l\000e\000\040\000/\000\040\000M\000u\000l\000t\000i\000p\000a\000r\000t\000\040\000U\000p\000l\000o\000a\000d\000s}{section*.9}% 10
\BOOKMARK [2][-]{subsection*.12}{\376\377\000I\000m\000p\000l\000e\000m\000e\000n\000t\000a\000t\000i\000o\000n\000\040\000o\000f\000\040\000R\000e\000s\000u\000m\000a\000b\000i\000l\000i\000t\000y\000\040\000a\000n\000d\000\040\000R\000e\000l\000i\000a\000b\000i\000l\000i\000t\000y}{section*.9}% 11
\BOOKMARK [2][-]{subsection*.13}{\376\377\000T\000h\000e\000\040\000L\000o\000g\000i\000c\000\040\000o\000f\000\040\000C\000h\000u\000n\000k\000i\000n\000g}{section*.9}% 12
\BOOKMARK [2][-]{subsection*.14}{\376\377\000L\000a\000t\000e\000n\000c\000y}{section*.9}% 13
\BOOKMARK [2][-]{subsection*.15}{\376\377\000J\000i\000t\000t\000e\000r}{section*.9}% 14
\BOOKMARK [1][-]{section*.18}{\376\377\000K\000e\000r\000n\000e\000l\000-\000l\000e\000v\000e\000l\000\040\000O\000p\000t\000i\000m\000i\000z\000a\000t\000i\000o\000n}{}% 15
\BOOKMARK [2][-]{subsection*.19}{\376\377\000C\000o\000n\000c\000u\000r\000r\000e\000n\000c\000y\000\040\000A\000r\000c\000h\000i\000t\000e\000c\000t\000u\000r\000e}{section*.18}% 16
\BOOKMARK [3][-]{subsubsection*.20}{\376\377\000I\000t\000e\000r\000a\000t\000i\000v\000e\000:}{subsection*.19}% 17
\BOOKMARK [3][-]{subsubsection*.21}{\376\377\000F\000o\000r\000k\000i\000n\000g\000:}{subsection*.19}% 18
\BOOKMARK [3][-]{subsubsection*.22}{\376\377\000P\000r\000e\000f\000o\000r\000k\000e\000d\000:}{subsection*.19}% 19
\BOOKMARK [3][-]{subsubsection*.23}{\376\377\000T\000h\000r\000e\000a\000d\000e\000d\000:}{subsection*.19}% 20
\BOOKMARK [3][-]{subsubsection*.24}{\376\377\000P\000r\000e\000t\000h\000r\000e\000a\000d\000e\000d\000:}{subsection*.19}% 21
\BOOKMARK [3][-]{subsubsection*.25}{\376\377\000P\000o\000l\000l\000:}{subsection*.19}% 22
\BOOKMARK [2][-]{subsection*.26}{\376\377\000I\000O\000\137\000U\000r\000i\000n\000g}{section*.18}% 23
\BOOKMARK [2][-]{subsection*.27}{\376\377\000A\000s\000y\000n\000c\000h\000r\000o\000n\000o\000u\000s\000\040\000O\000r\000c\000h\000e\000s\000t\000r\000a\000t\000i\000o\000n\000\040\000v\000i\000a\000\040\000i\000o\000\137\000u\000r\000i\000n\000g}{section*.18}% 24
\BOOKMARK [2][-]{subsection*.28}{\376\377\000Z\000e\000r\000o\000-\000C\000o\000p\000y\000\040\000S\000t\000r\000e\000a\000m\000\040\000D\000u\000p\000l\000i\000c\000a\000t\000i\000o\000n\000:\000\040\000S\000p\000l\000i\000c\000e\000\040\000a\000n\000d\000\040\000T\000e\000e}{section*.18}% 25
\BOOKMARK [2][-]{subsection*.29}{\376\377\000M\000a\000n\000a\000g\000i\000n\000g\000\040\000P\000i\000p\000e\000\040\000C\000a\000p\000a\000c\000i\000t\000y\000\040\000a\000n\000d\000\040\000D\000e\000a\000d\000l\000o\000c\000k\000s}{section*.18}% 26
\BOOKMARK [2][-]{subsection*.30}{\376\377\000S\000o\000l\000v\000i\000n\000g\000\040\000t\000h\000e\000\040\000L\000i\000n\000k\000e\000d\000-\000C\000h\000a\000i\000n\000\040\000F\000r\000a\000g\000i\000l\000i\000t\000y}{section*.18}% 27
\BOOKMARK [2][-]{subsection*.31}{\376\377\000I\000m\000p\000l\000e\000m\000e\000n\000t\000a\000t\000i\000o\000n\000\040\000o\000f\000\040\000t\000h\000e\000\040\000B\000r\000o\000a\000d\000c\000a\000s\000t\000e\000r\000\040\000L\000o\000o\000p}{section*.18}% 28
\BOOKMARK [1][-]{section*.32}{\376\377\000S\000y\000n\000t\000h\000e\000s\000i\000s\000\040\000a\000n\000d\000\040\000B\000e\000n\000c\000h\000m\000a\000r\000k\000i\000n\000g}{}% 29
\BOOKMARK [2][-]{subsection*.33}{\376\377\000E\000x\000p\000e\000r\000i\000m\000e\000n\000t\000a\000l\000\040\000C\000o\000n\000f\000i\000g\000u\000r\000a\000t\000i\000o\000n}{section*.32}% 30
\BOOKMARK [2][-]{subsection*.34}{\376\377\000T\000h\000r\000o\000u\000g\000h\000p\000u\000t\000\040\000v\000s\000.\000\040\000C\000h\000u\000n\000k\000\040\000S\000i\000z\000e}{section*.32}% 31
\BOOKMARK [2][-]{subsection*.35}{\376\377\000C\000o\000m\000p\000a\000r\000a\000t\000i\000v\000e\000\040\000A\000n\000a\000l\000y\000s\000i\000s\000:\000\040\000Z\000e\000r\000o\000-\000C\000o\000p\000y\000\040\000v\000s\000.\000\040\000B\000u\000f\000f\000e\000r\000e\000d\000\040\000I\000/\000O}{section*.32}% 32
\BOOKMARK [2][-]{subsection*.36}{\376\377\000A\000p\000p\000l\000i\000c\000a\000t\000i\000o\000n\000\040\000w\000i\000t\000h\000i\000n\000\040\000S\000t\000a\000g\000e\0002\000\040\000E\000x\000e\000c\000u\000t\000i\000o\000n\000\040\000P\000i\000p\000e\000l\000i\000n\000e}{section*.32}% 33
\BOOKMARK [1][-]{section*.37}{\376\377\000P\000e\000r\000f\000o\000r\000m\000a\000n\000c\000e\000\040\000E\000v\000a\000l\000u\000a\000t\000i\000o\000n\000\040\000a\000n\000d\000\040\000D\000i\000s\000c\000u\000s\000s\000i\000o\000n}{}% 34
\BOOKMARK [2][-]{subsection*.38}{\376\377\000E\000x\000p\000e\000r\000i\000m\000e\000n\000t\000a\000l\000\040\000S\000e\000t\000u\000p}{section*.37}% 35
\BOOKMARK [2][-]{subsection*.39}{\376\377\000C\000o\000m\000p\000a\000r\000a\000t\000i\000v\000e\000\040\000A\000n\000a\000l\000y\000s\000i\000s}{section*.37}% 36
\BOOKMARK [2][-]{subsection*.41}{\376\377\000A\000n\000a\000l\000y\000s\000i\000s\000\040\000o\000f\000\040\000U\000s\000e\000r\000-\000S\000p\000a\000c\000e\000\040\000B\000u\000f\000f\000e\000r\000i\000n\000g\000\040\000\050\000M\000o\000d\000e\000s\000\040\0001\000\040\000\046\000\040\0002\000\051}{section*.37}% 37
\BOOKMARK [2][-]{subsection*.42}{\376\377\000T\000h\000e\000\040\000Z\000e\000r\000o\000-\000C\000o\000p\000y\000\040\000A\000d\000v\000a\000n\000t\000a\000g\000e\000\040\000\050\000M\000o\000d\000e\000s\000\040\0003\000\040\000\046\000\040\0004\000\051}{section*.37}% 38
\BOOKMARK [2][-]{subsection*.43}{\376\377\000T\000e\000c\000h\000n\000i\000c\000a\000l\000\040\000C\000h\000a\000l\000l\000e\000n\000g\000e\000s\000\040\000a\000n\000d\000\040\000O\000p\000t\000i\000m\000i\000z\000a\000t\000i\000o\000n}{section*.37}% 39
\BOOKMARK [2][-]{subsection*.44}{\376\377\000S\000u\000m\000m\000a\000r\000y}{section*.37}% 40
